nohup: ignoring input
[17:10:32] sync rsync done (gigabyte1 cov=13313 p5=2423)
U	validator/consensus/simplex/pool.cpp
validator/consensus/simplex/pool.cpp: needs merge
validator/consensus/simplex/pool.cpp: needs merge
The stash entry is kept in case you need it again.
[17:13:14] sync rsync done (gigabyte1 cov=13313 p5=2423)
[testnet 08346d66] sync report 17:13
 1 file changed, 1 insertion(+)
Auto-merging contest/setups/SETUP_CORPUS_SYNC.md
Auto-merging validator/consensus/simplex/pool.cpp
CONFLICT (content): Merge conflict in validator/consensus/simplex/pool.cpp
The stash entry is kept in case you need it again.
[17:16:01] sync rsync done (gigabyte1 cov=13313 p5=2424)
U	validator/consensus/simplex/pool.cpp
validator/consensus/simplex/pool.cpp: needs merge
validator/consensus/simplex/pool.cpp: needs merge
The stash entry is kept in case you need it again.
[17:18:47] sync rsync done (gigabyte1 cov=13313 p5=2425)
U	validator/consensus/simplex/pool.cpp
validator/consensus/simplex/pool.cpp: needs merge
validator/consensus/simplex/pool.cpp: needs merge
The stash entry is kept in case you need it again.
[17:21:30] sync rsync done (gigabyte1 cov=13313 p5=2427)
[testnet 85a02497] sync report 17:21
 1 file changed, 1 insertion(+)
Current branch testnet is up to date.
Auto-merging contest/setups/SETUP_CORPUS_SYNC.md
Auto-merging validator/consensus/simplex/pool.cpp
CONFLICT (content): Merge conflict in validator/consensus/simplex/pool.cpp
The stash entry is kept in case you need it again.
[17:24:15] sync rsync done (gigabyte1 cov=13313 p5=2428)
[testnet da6cbe9d] sync report 17:24
 1 file changed, 1 insertion(+)
Current branch testnet is up to date.
[17:26:55] sync rsync done (gigabyte1 cov=13313 p5=2428)
[testnet 56c8a9fd] sync report 17:26
 1 file changed, 1 insertion(+)
Current branch testnet is up to date.
[17:29:37] sync rsync done (gigabyte1 cov=13313 p5=2442)
[testnet 77636805] sync report 17:29
 1 file changed, 1 insertion(+)
[17:32:27] sync rsync done (gigabyte1 cov=13313 p5=2448)
[testnet 1b559550] sync report 17:32
 1 file changed, 1 insertion(+)
simulation/scripts/sync_p5_rsync.sh: line 80: 92285 Killed                  ./build-fuzz2/test/consensus/fuzz_pool -merge=1 simulation/corpus_p5_merged/ simulation/corpus_p5/ simulation/corpus_p4a/ 2> /dev/null
[17:35:23] sync rsync done (gigabyte1 cov=13313 p5=2452)
[testnet 3f494142] sync report 17:35
 1 file changed, 2 insertions(+)
[17:38:12] sync rsync done (gigabyte1 cov=13310 p5=2484)
[testnet 2dbdea52] sync report 17:38
 1 file changed, 1 insertion(+)
[17:41:01] sync rsync done (gigabyte1 cov=13310 p5=2505)
[testnet e45ad13f] sync report 17:41
 1 file changed, 1 insertion(+)
[17:43:52] sync rsync done (gigabyte1 cov=13136 p5=438)
[testnet 82bbe46a] sync report 17:43
 1 file changed, 1 insertion(+)
